// Jest Snapshot v1, https://jestjs.io/docs/snapshot-testing

exports[`Public API surface exports have not changed unexpectedly 1`] = `
[
  "BUILTIN_FORMATTERS",
  "BaseFormatter",
  "ClaudeLint",
  "findConfigFile",
  "formatResults",
  "getFileInfo",
  "isBuiltinFormatter",
  "lint",
  "lintText",
  "loadConfig",
  "loadFormatter",
  "resolveConfig",
]
`;

exports[`Utils API surface (claude-code-lint/utils) exports have not changed unexpectedly 1`] = `
[
  "ENV_VAR_PLACEHOLDER_RE",
  "HEADING_RE",
  "SEMVER_RE",
  "containsEnvVar",
  "countLines",
  "countOccurrences",
  "escapeRegExp",
  "extractBodyContent",
  "extractFrontmatter",
  "extractHeadings",
  "extractImports",
  "extractImportsWithLineNumbers",
  "fileExists",
  "findLinesMatching",
  "getFrontmatterFieldLine",
  "hasHeading",
  "isImportPath",
  "isValidSemver",
  "matchesPattern",
  "parseJSON",
  "parseYAML",
  "readFileContent",
  "stripCodeBlocks",
  "validateSemver",
]
`;
