// Jest Snapshot v1, https://jestjs.io/docs/snapshot-testing

exports[`Reporter snapshot should produce stable compact format output 1`] = `
"../../../../../project/CLAUDE.md:5:0: error: Test error message [claude-md-size]
../../../../../project/CLAUDE.md:10:0: warning: Test warning message [claude-md-size]"
`;

exports[`Reporter snapshot should produce stable explain mode output 1`] = `
"
../../../../../project/CLAUDE.md (1 error, 1 warning)
  0  error    File exceeds 40KB limit (50001 bytes)  claude-md-size
        Why: Oversized files cause slow loading and may exceed context window limits.
        Fix: Split content into smaller files in .claude/rules/ and use @imports
  0  warning  Too many sections (21, max 20)  claude-md-content-too-many-sections
        Why: A bloated CLAUDE.md is hard for both humans and AI to navigate.
        Fix: Split content into topic-specific files in .claude/rules/ directory"
`;

exports[`Reporter snapshot should produce stable output with collapse rows 1`] = `
"
../../../../../project/CLAUDE.md (5 warnings)
  10  warning  File reference "src/rules/" does not exist  claude-md-file-reference-invalid
  20  warning  File reference "docs/api/" does not exist  claude-md-file-reference-invalid
               ... and 3 more claude-md-file-reference-invalid"
`;

exports[`Reporter snapshot should produce stable output with message truncation 1`] = `
"
../../../../../project/CLAUDE.md (1 error)
  1  error  This is a very long error message that exceeds the eighty character truncatio...  claude-md-size"
`;

exports[`Reporter snapshot should produce stable output with mixed line numbers and no-line issues 1`] = `
"
../../../../../project/.claude/skills/my-skill/SKILL.md (2 errors, 1 warning)
  2  error    Must contain only lowercase letters  skill-name
  0  error    Description must be at least 10 characters  skill-description
  8  warning  Missing "## Usage" section  skill-body-missing-usage-section"
`;

exports[`Reporter snapshot should produce stable stylish output for a mixed set of issues 1`] = `
"
../../../../../project/CLAUDE.md (4 errors, 1 warning)
   0  error    File exceeds 40KB limit (50001 bytes)  claude-md-size
  12  error    Imported file not found: config.md  claude-md-import-missing
  15  error    Imported file not found: rules.md  claude-md-import-missing
               ... and 1 more claude-md-import-missing
   0  warning  Too many sections (21, max 20)  claude-md-content-too-many-sections"
`;
